
> frontend@0.0.0 build
> ng build

[33mÔØ»[39m Building...
[32mÔ£ö[39m Building...
[1mInitial chunk files[22m  [2m | [22m[1mNames[22m        [2m | [22m [1mRaw size[22m[2m | [22m[1mEstimated transfer size[22m
[32mmain-77SGFMZY.js[39m     [2m | [22m[2mmain[22m         [2m | [22m[36m438.50 kB[39m[2m | [22m               [36m94.27 kB[39m
[32mpolyfills-B6TNHZQ6.js[39m[2m | [22m[2mpolyfills[22m    [2m | [22m [36m34.58 kB[39m[2m | [22m               [36m11.32 kB[39m
[32mstyles-5INURTSO.css[39m  [2m | [22m[2mstyles[22m       [2m | [22m  [36m0 bytes[39m[2m | [22m                [36m0 bytes[39m

[1m [22m                    [2m | [22m[1mInitial total[22m[2m | [22m[1m473.08 kB[22m[2m | [22m              [1m105.59 kB[22m

Application bundle generation failed. [14.409 seconds]

node.exe : [1m[33m[33mÔû▓ 
[43;33m[[43;30mWARNING[43;33
m][0m [1mUnexpected ";"[0m 
[1m[35m[plugin 
angular-compiler][0m 
[css-syntax-error]
At C:\Program 
Files\nodejs\npm.ps1:29 char:3
+   & $NODE_EXE $NPM_CLI_JS 
$args
+   
~~~~~~~~~~~~~~~~~~~~~~~~~~~~~
    + CategoryInfo          : 
    NotSpecified: ([1m[33m  
  [33mÔ...s-syntax-error]:   
 String) [], RemoteExcepti    
on
    + FullyQualifiedErrorId : 
    NativeCommandError
 

    src/app/auth/reset-passwor
d-confirm/reset-password-confi
rm.component.css:394:33:
[37m      394 Ôöé   
 m a r g i n - t o p :  
 8 p x [32m;[37m  
 d i s p l a y :   
          ÔòÁ                 
                 [32m^[0m


[33mÔû▓ [43;33m[[43;30mWARN
ING[43;33m][0m [1msrc/app/a
uth/reset-password-request/res
et-password-request.component.
css exceeded maximum budget. 
Budget 4.00 kB was not met by 
1.33 kB with a total of 5.33 
kB.[0m


[33mÔû▓ [43;33m[[43;30mWARN
ING[43;33m][0m [1msrc/app/a
uth/login/login.component.css 
exceeded maximum budget. 
Budget 4.00 kB was not met by 
1.33 kB with a total of 5.33 
kB.[0m


[33mÔû▓ [43;33m[[43;30mWARN
ING[43;33m][0m [1msrc/app/a
uth/reset-password-confirm/res
et-password-confirm.component.
css exceeded maximum budget. 
Budget 4.00 kB was not met by 
2.04 kB with a total of 6.04 
kB.[0m


[33mÔû▓ [43;33m[[43;30mWARN
ING[43;33m][0m [1msrc/app/a
uth/profile/profile.component.
css exceeded maximum budget. 
Budget 4.00 kB was not met by 
3.00 kB with a total of 7.00 
kB.[0m


[33mÔû▓ [43;33m[[43;30mWARN
ING[43;33m][0m [1msrc/app/s
hared/navbar/navbar.component.
css exceeded maximum budget. 
Budget 4.00 kB was not met by 
681 bytes with a total of 
4.68 kB.[0m


[33mÔû▓ [43;33m[[43;30mWARN
ING[43;33m][0m [1msrc/app/a
uth/profile/profile.component.
css exceeded maximum budget. 
Budget 4.00 kB was not met by 
3.42 kB with a total of 7.42 
kB.[0m


[33mÔû▓ [43;33m[[43;30mWARN
ING[43;33m][0m [1msrc/app/a
uth/profile/profile.component.
css exceeded maximum budget. 
Budget 4.00 kB was not met by 
5.74 kB with a total of 9.73 
kB.[0m

[39m[22m
[1m[31m[31mX [41;31m[[41;
97mERROR[41;31m][0m [1msrc/
app/auth/profile/profile.compo
nent.css exceeded maximum 
budget. Budget 8.00 kB was 
not met by 1.74 kB with a 
total of 9.73 kB.[0m

[39m[22m
